
Copyright (C) 1994-2019 Synopsys, Inc.
This Synopsys software and all associated documentation are proprietary to Synopsys, Inc.
and may only be used pursuant to the terms and conditions of a written license agreement
with Synopsys, Inc. All other use, reproduction, modification, or distribution of the
Synopsys software or the associated documentation is strictly prohibited.
Tool: Synplify Pro (R)
Build: P-2019.03G
Install: C:\Gowin\Gowin_V1.9.2.02Beta\SynplifyPro
OS: Windows 6.2

Hostname: ZAL1

Implementation : rev_1

# Written on Sun Jan 26 20:31:58 2020

##### DESIGN INFO #######################################################

Top View:                "top"
Constraint File(s):      (none)




##### SUMMARY ############################################################

Found 0 issues in 0 out of 0 constraints


##### DETAILS ############################################################



Clock Relationships
*******************

Starting                             Ending                               |     rise to rise     |     fall to fall     |     rise to fall     |     fall to rise                     
-------------------------------------------------------------------------------------------------------------------------------------------------------------------------------------
Gowin_PLL|clkoutd_inferred_clock     Gowin_PLL|clkoutd_inferred_clock     |     6.242            |     No paths         |     No paths         |     No paths                         
Gowin_PLL|clkout_inferred_clock      Gowin_PLL|clkout_inferred_clock      |     4.454            |     No paths         |     No paths         |     No paths                         
=====================================================================================================================================================================================
 Note: 'No paths' indicates there are no paths in the design for that pair of clock edges.
       'Diff grp' indicates that paths exist but the starting clock and ending clock are in different clock groups.


Unconstrained Start/End Points
******************************

p:audio_o
p:btn_b
p:lcd_data[0]
p:lcd_data[1]
p:lcd_data[2]
p:lcd_data[3]
p:lcd_data[4]
p:lcd_data[5]
p:lcd_data[6]
p:lcd_data[7]
p:lcd_data[8]
p:lcd_data[9]
p:lcd_data[10]
p:lcd_data[11]
p:lcd_data[12]
p:lcd_data[13]
p:lcd_data[14]
p:lcd_data[15]
p:lcd_de
p:lcd_hsync
p:lcd_vsync
p:mco
p:res_n
p:uart_rx


Inapplicable constraints
************************

(none)


Applicable constraints with issues
**********************************

(none)


Constraints with matching wildcard expressions
**********************************************

(none)


Library Report
**************


# End of Constraint Checker Report
